c:\users\administrator\projects\c++\khai_cpp_labworks_ovs\lab1\build\lab1.dir\debug\vc143.pdb
c:\users\administrator\projects\c++\khai_cpp_labworks_ovs\lab1\build\lab1.dir\debug\jshelper.obj
c:\users\administrator\projects\c++\khai_cpp_labworks_ovs\lab1\build\lab1.dir\debug\juce.obj
c:\users\administrator\projects\c++\khai_cpp_labworks_ovs\lab1\build\lab1.dir\debug\main.obj
c:\users\administrator\projects\c++\khai_cpp_labworks_ovs\lab1\build\lab1.dir\debug\myapp.obj
c:\users\administrator\projects\c++\khai_cpp_labworks_ovs\lab1\build\cmakefiles\generate.stamp
c:\users\administrator\projects\c++\khai_cpp_labworks_ovs\lab1\build\debug\lab1.exe
c:\users\administrator\projects\c++\khai_cpp_labworks_ovs\lab1\build\debug\lab1.pdb
c:\users\administrator\projects\c++\khai_cpp_labworks_ovs\lab1\build\lab1.dir\debug\lab1.ilk
c:\users\administrator\projects\c++\khai_cpp_labworks_ovs\lab1\build\lab1.dir\debug\lab1.tlog\cl.command.1.tlog
c:\users\administrator\projects\c++\khai_cpp_labworks_ovs\lab1\build\lab1.dir\debug\lab1.tlog\cl.items.tlog
c:\users\administrator\projects\c++\khai_cpp_labworks_ovs\lab1\build\lab1.dir\debug\lab1.tlog\cl.read.1.tlog
c:\users\administrator\projects\c++\khai_cpp_labworks_ovs\lab1\build\lab1.dir\debug\lab1.tlog\cl.write.1.tlog
c:\users\administrator\projects\c++\khai_cpp_labworks_ovs\lab1\build\lab1.dir\debug\lab1.tlog\custombuild.command.1.tlog
c:\users\administrator\projects\c++\khai_cpp_labworks_ovs\lab1\build\lab1.dir\debug\lab1.tlog\custombuild.read.1.tlog
c:\users\administrator\projects\c++\khai_cpp_labworks_ovs\lab1\build\lab1.dir\debug\lab1.tlog\custombuild.write.1.tlog
c:\users\administrator\projects\c++\khai_cpp_labworks_ovs\lab1\build\lab1.dir\debug\lab1.tlog\link.command.1.tlog
c:\users\administrator\projects\c++\khai_cpp_labworks_ovs\lab1\build\lab1.dir\debug\lab1.tlog\link.read.1.tlog
c:\users\administrator\projects\c++\khai_cpp_labworks_ovs\lab1\build\lab1.dir\debug\lab1.tlog\link.secondary.1.tlog
c:\users\administrator\projects\c++\khai_cpp_labworks_ovs\lab1\build\lab1.dir\debug\lab1.tlog\link.write.1.tlog
