c:\users\administrator\projects\c++\khai_cpp_labworks_ovs\lab1\build\datastructures.dir\debug\vc143.pdb
c:\users\administrator\projects\c++\khai_cpp_labworks_ovs\lab1\build\datastructures.dir\debug\pch.obj
c:\users\administrator\projects\c++\khai_cpp_labworks_ovs\lab1\build\datastructures.dir\debug\data_structures.obj
c:\users\administrator\projects\c++\khai_cpp_labworks_ovs\lab1\build\cmakefiles\generate.stamp
c:\users\administrator\projects\c++\khai_cpp_labworks_ovs\lab1\build\debug\datastructures.dll
c:\users\administrator\projects\c++\khai_cpp_labworks_ovs\lab1\build\debug\datastructures.pdb
c:\users\administrator\projects\c++\khai_cpp_labworks_ovs\lab1\build\debug\datastructures.lib
c:\users\administrator\projects\c++\khai_cpp_labworks_ovs\lab1\build\debug\datastructures.exp
c:\users\administrator\projects\c++\khai_cpp_labworks_ovs\lab1\build\datastructures.dir\debug\datastructures.ilk
c:\users\administrator\projects\c++\khai_cpp_labworks_ovs\lab1\build\datastructures.dir\debug\datastructures.tlog\cl.command.1.tlog
c:\users\administrator\projects\c++\khai_cpp_labworks_ovs\lab1\build\datastructures.dir\debug\datastructures.tlog\cl.items.tlog
c:\users\administrator\projects\c++\khai_cpp_labworks_ovs\lab1\build\datastructures.dir\debug\datastructures.tlog\cl.read.1.tlog
c:\users\administrator\projects\c++\khai_cpp_labworks_ovs\lab1\build\datastructures.dir\debug\datastructures.tlog\cl.write.1.tlog
c:\users\administrator\projects\c++\khai_cpp_labworks_ovs\lab1\build\datastructures.dir\debug\datastructures.tlog\custombuild.command.1.tlog
c:\users\administrator\projects\c++\khai_cpp_labworks_ovs\lab1\build\datastructures.dir\debug\datastructures.tlog\custombuild.read.1.tlog
c:\users\administrator\projects\c++\khai_cpp_labworks_ovs\lab1\build\datastructures.dir\debug\datastructures.tlog\custombuild.write.1.tlog
c:\users\administrator\projects\c++\khai_cpp_labworks_ovs\lab1\build\datastructures.dir\debug\datastructures.tlog\link.command.1.tlog
c:\users\administrator\projects\c++\khai_cpp_labworks_ovs\lab1\build\datastructures.dir\debug\datastructures.tlog\link.read.1.tlog
c:\users\administrator\projects\c++\khai_cpp_labworks_ovs\lab1\build\datastructures.dir\debug\datastructures.tlog\link.secondary.1.tlog
c:\users\administrator\projects\c++\khai_cpp_labworks_ovs\lab1\build\datastructures.dir\debug\datastructures.tlog\link.write.1.tlog
